// Jest Snapshot v1, https://goo.gl/fbAQLP

exports[`<Footer> should match is's snapshot: default 1`] = `
<div>
  <footer
    class="footer w-full flex justify-center"
  >
    <p
      class="prose flex items-center prose-badge"
    >
      Created as a demo project Â© 2023.
    </p>
  </footer>
</div>
`;
